// Vitest Snapshot v1, https://vitest.dev/guide/snapshot.html

exports[`stepWorld — tick order is pinned (golden-value characterization test) > produces the same exact scalar trajectory at tick 25 for seed 99 1`] = `
{
  "bakerValues": [
    {
      "exp": 0.5,
      "state": "FILLED",
      "value": 0.6945053649948267,
      "wealth": 4.1602265134338605,
    },
    {
      "exp": 0.5,
      "state": "FILLED",
      "value": 0.6702482428075116,
      "wealth": 4.063999450934903,
    },
    {
      "exp": 0.5,
      "state": "FILLED",
      "value": 0.6911616052449897,
      "wealth": 3.907475954718063,
    },
    {
      "exp": 0.5,
      "state": "FILLED",
      "value": 0.6878228267441606,
      "wealth": 4.052600762666343,
    },
    {
      "exp": 0.17,
      "state": "FILLED",
      "value": 0.6903823711239641,
      "wealth": 2.5252341367295754,
    },
  ],
  "courierValues": [
    {
      "state": "FILLED",
      "wealth": 26.25000000000001,
    },
    {
      "state": "BACKSTOPPED",
      "wealth": 14.700000000000003,
    },
    {
      "state": "FILLED",
      "wealth": 26.25000000000001,
    },
    {
      "state": "FILLED",
      "wealth": 26.25000000000001,
    },
    {
      "state": "FILLED",
      "wealth": 26.25000000000001,
    },
  ],
  "detectiveValues": [
    {
      "state": "FILLED",
      "wealth": 26.25000000000001,
    },
    {
      "state": "FILLED",
      "wealth": 26.25000000000001,
    },
    {
      "state": "BACKSTOPPED",
      "wealth": 14.700000000000003,
    },
    {
      "state": "FILLED",
      "wealth": 26.25000000000001,
    },
    {
      "state": "FILLED",
      "wealth": 26.25000000000001,
    },
  ],
  "economicHealth": 0.9142857142857144,
  "economicHealthWithExperience": 0.7986666666666667,
  "flourPrice": 0.5180506370005098,
  "grifterCount": 30,
  "grifterMaxDaysWaiting": 25,
  "grifterTotalWealth": 225.04999999999995,
  "importExportValues": [
    {
      "state": "FILLED",
      "wealth": 26.25000000000001,
    },
    {
      "state": "FILLED",
      "wealth": 26.25000000000001,
    },
    {
      "state": "FILLED",
      "wealth": 26.25000000000001,
    },
  ],
  "journalistValues": [
    {
      "state": "FILLED",
      "wealth": 26.25000000000001,
    },
    {
      "state": "FILLED",
      "wealth": 26.25000000000001,
    },
    {
      "state": "FILLED",
      "wealth": 26.25000000000001,
    },
    {
      "state": "FILLED",
      "wealth": 26.25000000000001,
    },
    {
      "state": "FILLED",
      "wealth": 26.25000000000001,
    },
  ],
  "millerValues": [
    {
      "exp": 0.01,
      "state": "FILLED",
      "value": 0.4796564094629652,
      "wealth": 0.34925173480128924,
    },
    {
      "exp": 0.5,
      "state": "BACKSTOPPED",
      "value": 0.5279836824854629,
      "wealth": 2.255772503252895,
    },
    {
      "exp": 0.5,
      "state": "FILLED",
      "value": 0.49978907794193045,
      "wealth": 4.233099951884479,
    },
    {
      "exp": 0.5,
      "state": "BACKSTOPPED",
      "value": 0.5043223204814031,
      "wealth": 2.261852764030239,
    },
    {
      "exp": 0.5,
      "state": "FILLED",
      "value": 0.49371905592673804,
      "wealth": 4.239478475449369,
    },
  ],
  "population": 54,
  "tick": 25,
  "wealthGini": 0.38227682598402524,
  "wealthTop10Share": 0.19514367546221714,
}
`;
