// Vitest Snapshot v1, https://vitest.dev/guide/snapshot.html

exports[`stepWorld — tick order is pinned (golden-value characterization test) > produces the same exact scalar trajectory at tick 25 for seed 99 1`] = `
{
  "bakerValues": [
    {
      "exp": 0.5,
      "state": "FILLED",
      "value": 0.2425766611752975,
      "wealth": 15.067833609128403,
    },
    {
      "exp": 0.5,
      "state": "FILLED",
      "value": 0.24393646332432983,
      "wealth": 15.56952027766327,
    },
    {
      "exp": 0.5,
      "state": "FILLED",
      "value": 0.22104708619269572,
      "wealth": 13.576255249247327,
    },
    {
      "exp": 0.5,
      "state": "FILLED",
      "value": 0.2221652777066931,
      "wealth": 13.080117937502003,
    },
    {
      "exp": 0.5,
      "state": "FILLED",
      "value": 0.2312832659494868,
      "wealth": 10.585276966090648,
    },
    {
      "exp": 0.5,
      "state": "FILLED",
      "value": 0.23648553683132453,
      "wealth": 16.561491950948298,
    },
    {
      "exp": 0.5,
      "state": "FILLED",
      "value": 0.21486485236517638,
      "wealth": 15.55784737144955,
    },
    {
      "exp": 0.5,
      "state": "FILLED",
      "value": 0.22483478951497637,
      "wealth": 16.54913766668888,
    },
    {
      "exp": 0.5,
      "state": "FILLED",
      "value": 0.2228662730451878,
      "wealth": 16.056900969724772,
    },
  ],
  "courierValues": [
    {
      "state": "FILLED",
      "wealth": 21.43750000000001,
    },
    {
      "state": "FILLED",
      "wealth": 21.43750000000001,
    },
    {
      "state": "FILLED",
      "wealth": 21.43750000000001,
    },
    {
      "state": "FILLED",
      "wealth": 21.43750000000001,
    },
    {
      "state": "BACKSTOPPED",
      "wealth": 10.29,
    },
    {
      "state": "FILLED",
      "wealth": 21.43750000000001,
    },
    {
      "state": "FILLED",
      "wealth": 21.43750000000001,
    },
  ],
  "detectiveValues": [
    {
      "state": "FILLED",
      "wealth": 33.250000000000014,
    },
    {
      "state": "FILLED",
      "wealth": 33.250000000000014,
    },
    {
      "state": "FILLED",
      "wealth": 33.250000000000014,
    },
    {
      "state": "FILLED",
      "wealth": 33.250000000000014,
    },
    {
      "state": "FILLED",
      "wealth": 33.250000000000014,
    },
    {
      "state": "FILLED",
      "wealth": 33.250000000000014,
    },
    {
      "state": "FILLED",
      "wealth": 33.250000000000014,
    },
    {
      "state": "FILLED",
      "wealth": 33.250000000000014,
    },
  ],
  "economicHealth": 0.9739130434782608,
  "economicHealthWithExperience": 0.9422222222222222,
  "flourPrice": 0.05,
  "grifterCount": 44,
  "grifterMaxDaysWaiting": 25,
  "grifterTotalWealth": 350.7140847578425,
  "importExportValues": [
    {
      "state": "FILLED",
      "wealth": 33.250000000000014,
    },
    {
      "state": "FILLED",
      "wealth": 33.250000000000014,
    },
    {
      "state": "FILLED",
      "wealth": 33.250000000000014,
    },
    {
      "state": "FILLED",
      "wealth": 33.250000000000014,
    },
    {
      "state": "FILLED",
      "wealth": 33.250000000000014,
    },
    {
      "state": "FILLED",
      "wealth": 33.250000000000014,
    },
  ],
  "journalistValues": [
    {
      "state": "FILLED",
      "wealth": 33.250000000000014,
    },
    {
      "state": "FILLED",
      "wealth": 33.250000000000014,
    },
    {
      "state": "FILLED",
      "wealth": 33.250000000000014,
    },
    {
      "state": "FILLED",
      "wealth": 33.250000000000014,
    },
    {
      "state": "FILLED",
      "wealth": 33.250000000000014,
    },
    {
      "state": "FILLED",
      "wealth": 33.250000000000014,
    },
    {
      "state": "FILLED",
      "wealth": 33.250000000000014,
    },
  ],
  "millerValues": [
    {
      "exp": 0.04,
      "state": "FILLED",
      "value": 0.4811763912505815,
      "wealth": 0.08164828326740443,
    },
    {
      "exp": 0.5,
      "state": "VACANT",
      "value": 0.4969345297475323,
      "wealth": 5.382262450531186,
    },
    {
      "exp": 0.5,
      "state": "FILLED",
      "value": 0.512270225815648,
      "wealth": 11.944053031715669,
    },
    {
      "exp": 0.5,
      "state": "FILLED",
      "value": 0.5251999847690084,
      "wealth": 9.445840330274988,
    },
    {
      "exp": 0.5,
      "state": "FILLED",
      "value": 0.5064907089157343,
      "wealth": 6.933528954550379,
    },
    {
      "exp": 0.5,
      "state": "FILLED",
      "value": 0.5003064729241814,
      "wealth": 8.44097448176637,
    },
    {
      "exp": 0.5,
      "state": "FILLED",
      "value": 0.5068243729376142,
      "wealth": 8.435597589615233,
    },
    {
      "exp": 0.5,
      "state": "FILLED",
      "value": 0.5119894915565311,
      "wealth": 7.434078249079702,
    },
    {
      "exp": 0.5,
      "state": "FILLED",
      "value": 0.5019267171200372,
      "wealth": 6.935951780103117,
    },
  ],
  "population": 88,
  "tick": 25,
  "wealthGini": 0.35622046072870917,
  "wealthTop10Share": 0.21845535044836958,
}
`;
