// Vitest Snapshot v1, https://vitest.dev/guide/snapshot.html

exports[`stepWorld — tick order is pinned (golden-value characterization test) > produces the same exact scalar trajectory at tick 25 for seed 99 1`] = `
{
  "bakerValues": [
    {
      "exp": 0.5,
      "state": "FILLED",
      "value": 0.23989366014809216,
      "wealth": 12.800781891711656,
    },
    {
      "exp": 0.5,
      "state": "FILLED",
      "value": 0.2461749528278857,
      "wealth": 16.284924029341987,
    },
    {
      "exp": 0.5,
      "state": "FILLED",
      "value": 0.2106449106865839,
      "wealth": 15.775532575989114,
    },
    {
      "exp": 0.5,
      "state": "FILLED",
      "value": 0.24468412844737608,
      "wealth": 16.27376084695821,
    },
    {
      "exp": 0.5,
      "state": "FILLED",
      "value": 0.24103189222426535,
      "wealth": 13.296998894497976,
    },
    {
      "exp": 0.5,
      "state": "FILLED",
      "value": 0.2220697823495126,
      "wealth": 18.75261142764338,
    },
    {
      "exp": 0.5,
      "state": "FILLED",
      "value": 0.22280959773891096,
      "wealth": 17.259224382059543,
    },
    {
      "exp": 0.5,
      "state": "VACANT",
      "value": 0.23700870850376285,
      "wealth": 11.91832297091745,
    },
    {
      "exp": 0.5,
      "state": "FILLED",
      "value": 0.2183011111891047,
      "wealth": 13.79119023060193,
    },
  ],
  "courierValues": [
    {
      "state": "FILLED",
      "wealth": 21.43750000000001,
    },
    {
      "state": "FILLED",
      "wealth": 21.43750000000001,
    },
    {
      "state": "FILLED",
      "wealth": 21.43750000000001,
    },
    {
      "state": "FILLED",
      "wealth": 21.43750000000001,
    },
    {
      "state": "FILLED",
      "wealth": 21.43750000000001,
    },
    {
      "state": "VACANT",
      "wealth": 20.58000000000001,
    },
    {
      "state": "FILLED",
      "wealth": 21.43750000000001,
    },
  ],
  "detectiveValues": [
    {
      "state": "VACANT",
      "wealth": 29.26000000000001,
    },
    {
      "state": "FILLED",
      "wealth": 33.250000000000014,
    },
    {
      "state": "FILLED",
      "wealth": 33.250000000000014,
    },
    {
      "state": "FILLED",
      "wealth": 33.250000000000014,
    },
    {
      "state": "FILLED",
      "wealth": 33.250000000000014,
    },
    {
      "state": "FILLED",
      "wealth": 33.250000000000014,
    },
    {
      "state": "FILLED",
      "wealth": 33.250000000000014,
    },
    {
      "state": "BACKSTOPPED",
      "wealth": 22.61,
    },
  ],
  "economicHealth": 0.9478260869565218,
  "economicHealthWithExperience": 0.9477777777777776,
  "flourPrice": 0.05,
  "grifterCount": 39,
  "grifterMaxDaysWaiting": 25,
  "grifterTotalWealth": 301.06999999999994,
  "importExportValues": [
    {
      "state": "FILLED",
      "wealth": 33.250000000000014,
    },
    {
      "state": "FILLED",
      "wealth": 33.250000000000014,
    },
    {
      "state": "FILLED",
      "wealth": 33.250000000000014,
    },
    {
      "state": "FILLED",
      "wealth": 33.250000000000014,
    },
    {
      "state": "FILLED",
      "wealth": 3.99,
    },
    {
      "state": "FILLED",
      "wealth": 33.250000000000014,
    },
  ],
  "journalistValues": [
    {
      "state": "FILLED",
      "wealth": 33.250000000000014,
    },
    {
      "state": "FILLED",
      "wealth": 33.250000000000014,
    },
    {
      "state": "FILLED",
      "wealth": 33.250000000000014,
    },
    {
      "state": "FILLED",
      "wealth": 33.250000000000014,
    },
    {
      "state": "FILLED",
      "wealth": 33.250000000000014,
    },
    {
      "state": "FILLED",
      "wealth": 33.250000000000014,
    },
    {
      "state": "FILLED",
      "wealth": 9.31,
    },
  ],
  "millerValues": [
    {
      "exp": 0.19000000000000003,
      "state": "FILLED",
      "value": 0.5032158028449455,
      "wealth": 5.847095361817935,
    },
    {
      "exp": 0.5,
      "state": "FILLED",
      "value": 0.5160855175937303,
      "wealth": 5.937163469039429,
    },
    {
      "exp": 0.5,
      "state": "FILLED",
      "value": 0.48321767486987316,
      "wealth": 7.938835572825359,
    },
    {
      "exp": 0.5,
      "state": "FILLED",
      "value": 0.4922309590964809,
      "wealth": 8.443407507419266,
    },
    {
      "exp": 0.5,
      "state": "FILLED",
      "value": 0.4890748541695537,
      "wealth": 4.43181194388677,
    },
    {
      "exp": 0.5,
      "state": "FILLED",
      "value": 0.4799828917597437,
      "wealth": 7.942273935565314,
    },
    {
      "exp": 0.5,
      "state": "FILLED",
      "value": 0.5088235054353166,
      "wealth": 6.432233726571715,
    },
    {
      "exp": 0.5,
      "state": "FILLED",
      "value": 0.5082976455474286,
      "wealth": 6.935147347678057,
    },
    {
      "exp": 0.5,
      "state": "FILLED",
      "value": 0.5133842899133026,
      "wealth": 6.933783815836603,
    },
  ],
  "population": 81,
  "tick": 25,
  "wealthGini": 0.3700980968792462,
  "wealthTop10Share": 0.2229071865911655,
}
`;
